// Jest Snapshot v1, https://goo.gl/fbAQLP

exports[`Testing render Should render workout 1`] = `
<div
  className="MuiGrid-root makeStyles-root-1 MuiGrid-container"
  data-testid="program-modal-test"
>
  <div
    className="MuiPaper-root MuiCard-root MuiPaper-elevation2 MuiPaper-rounded"
    style={Object {}}
  >
    <div
      className="MuiGrid-root MuiGrid-item MuiGrid-grid-xs-12"
      style={
        Object {
          "height": "200px",
        }
      }
    >
      <img
        className="MuiCardMedia-root MuiCardMedia-media MuiCardMedia-img"
        src="/beachbody-original.jpg"
        style={
          Object {
            "height": "200px",
            "objectFit": "fill",
          }
        }
      />
    </div>
    <div
      className="MuiCardContent-root makeStyles-content-2"
    >
      <div
        className="MuiGrid-root MuiGrid-container"
      >
        <div
          className="MuiGrid-root MuiGrid-item MuiGrid-grid-xs-9"
        >
          <h4
            className="MuiTypography-root MuiTypography-h4"
            style={
              Object {
                "fontWeight": 600,
              }
            }
          >
            First Program
          </h4>
          <div
            className="MuiGrid-root makeStyles-root-9 MuiGrid-container"
          >
            <div
              className="MuiGrid-root makeStyles-iconContainer-10 MuiGrid-item"
              style={
                Object {
                  "width": "1.35rem",
                }
              }
            >
              <svg>
                Dumbbell.svg
              </svg>
            </div>
            <div
              className="MuiGrid-root makeStyles-iconContainer-10 MuiGrid-item"
              style={
                Object {
                  "width": "1.35rem",
                }
              }
            >
              <svg>
                Dumbbell.svg
              </svg>
            </div>
          </div>
          <h6
            className="MuiTypography-root MuiTypography-h6"
            style={
              Object {
                "fontWeight": 700,
                "marginTop": "1rem",
              }
            }
          >
            Description
          </h6>
          <p
            className="MuiTypography-root MuiTypography-body1"
          >
            First program to add to my database but I need a bigger description for edge case purposes. You get it. Just hold on tight while I draw up this text really quick so that I can see what a few lines of text does the height of the content containerbut I need a bigger description for edge case purposes. You get it. Just hold on tight while I draw up this text really quick so that I can see what a few lines of text does the height of the content container 
          </p>
        </div>
        <div
          className="MuiGrid-root MuiGrid-item MuiGrid-grid-xs-3"
        >
          <p
            className="MuiTypography-root makeStyles-stats-4 MuiTypography-body1"
          >
            5 weeks
          </p>
          <p
            className="MuiTypography-root makeStyles-stats-4 MuiTypography-body1"
          >
            20 workouts
          </p>
          <p
            className="MuiTypography-root makeStyles-stats-4 MuiTypography-body1"
          >
            50 exercises
          </p>
          <button
            className="MuiButtonBase-root MuiButton-root MuiButton-contained makeStyles-button-3 MuiButton-containedSecondary"
            disabled={false}
            onBlur={[Function]}
            onDragLeave={[Function]}
            onFocus={[Function]}
            onKeyDown={[Function]}
            onKeyUp={[Function]}
            onMouseDown={[Function]}
            onMouseLeave={[Function]}
            onMouseUp={[Function]}
            onTouchEnd={[Function]}
            onTouchMove={[Function]}
            onTouchStart={[Function]}
            tabIndex={0}
            type="button"
          >
            <span
              className="MuiButton-label"
            >
              Add Program
            </span>
          </button>
        </div>
      </div>
    </div>
    <div
      className="MuiGrid-root makeStyles-workoutListContainer-5 MuiGrid-container"
    >
      <div
        className="MuiGrid-root MuiGrid-container"
        style={
          Object {
            "overflow": "hidden",
          }
        }
      >
        <div
          className="MuiGrid-root makeStyles-weekTitle-6 MuiGrid-item MuiGrid-grid-xs-12"
        >
          <button
            className="MuiButtonBase-root MuiCardActionArea-root"
            disabled={false}
            onBlur={[Function]}
            onClick={[Function]}
            onDragLeave={[Function]}
            onFocus={[Function]}
            onKeyDown={[Function]}
            onKeyUp={[Function]}
            onMouseDown={[Function]}
            onMouseLeave={[Function]}
            onMouseUp={[Function]}
            onTouchEnd={[Function]}
            onTouchMove={[Function]}
            onTouchStart={[Function]}
            tabIndex={0}
            type="button"
          >
            <p
              className="MuiTypography-root MuiTypography-body1"
            >
              Week 1
            </p>
            <span
              className="MuiCardActionArea-focusHighlight"
            />
          </button>
        </div>
      </div>
      <div
        className="MuiGrid-root MuiGrid-container"
        style={
          Object {
            "overflow": "hidden",
          }
        }
      >
        <div
          className="MuiGrid-root makeStyles-weekTitle-6 MuiGrid-item MuiGrid-grid-xs-12"
        >
          <button
            className="MuiButtonBase-root MuiCardActionArea-root"
            disabled={false}
            onBlur={[Function]}
            onClick={[Function]}
            onDragLeave={[Function]}
            onFocus={[Function]}
            onKeyDown={[Function]}
            onKeyUp={[Function]}
            onMouseDown={[Function]}
            onMouseLeave={[Function]}
            onMouseUp={[Function]}
            onTouchEnd={[Function]}
            onTouchMove={[Function]}
            onTouchStart={[Function]}
            tabIndex={0}
            type="button"
          >
            <p
              className="MuiTypography-root MuiTypography-body1"
            >
              Week 2
            </p>
            <span
              className="MuiCardActionArea-focusHighlight"
            />
          </button>
        </div>
      </div>
    </div>
    <div
      className="makeStyles-bottomBorder-7"
    />
  </div>
</div>
`;
